[2026-08-27 14:50:22] local.ERROR: PHP Parse error: Syntax error, unexpected T_NS_SEPARATOR on line 1 {"exception":"[object] (Psy\\Exception\\ParseErrorException(code: 0): PHP Parse error: Syntax error, unexpected T_NS_SEPARATOR on line 1 at C:\\Users\\PC\\Desktop\\CURATOR\\FSMS_BACKEND\\vendor\\psy\\psysh\\src\\Exception\\ParseErrorException.php:44)
[stacktrace]
#0 C:\\Users\\PC\\Desktop\\CURATOR\\FSMS_BACKEND\\vendor\\psy\\psysh\\src\\CodeCleaner.php(560): Psy\\Exception\\ParseErrorException::fromParseError(Object(PhpParser\\Error))
#1 C:\\Users\\PC\\Desktop\\CURATOR\\FSMS_BACKEND\\vendor\\psy\\psysh\\src\\CodeCleaner.php(283): Psy\\CodeCleaner->parse('<?php echo 'use...', false)
#2 C:\\Users\\PC\\Desktop\\CURATOR\\FSMS_BACKEND\\vendor\\psy\\psysh\\src\\Shell.php(934): Psy\\CodeCleaner->clean(Array, false)
#3 C:\\Users\\PC\\Desktop\\CURATOR\\FSMS_BACKEND\\vendor\\psy\\psysh\\src\\Shell.php(968): Psy\\Shell->addCode('echo 'users: '....', true)
#4 C:\\Users\\PC\\Desktop\\CURATOR\\FSMS_BACKEND\\vendor\\psy\\psysh\\src\\Shell.php(1511): Psy\\Shell->setCode('echo 'users: '....', true)
#5 C:\\Users\\PC\\Desktop\\CURATOR\\FSMS_BACKEND\\vendor\\laravel\\tinker\\src\\Console\\TinkerCommand.php(76): Psy\\Shell->execute('echo 'users: '....')
#6 C:\\Users\\PC\\Desktop\\CURATOR\\FSMS_BACKEND\\vendor\\laravel\\framework\\src\\Illuminate\\Container\\BoundMethod.php(36): Laravel\\Tinker\\Console\\TinkerCommand->handle()
#7 C:\\Users\\PC\\Desktop\\CURATOR\\FSMS_BACKEND\\vendor\\laravel\\framework\\src\\Illuminate\\Container\\Util.php(43): Illuminate\\Container\\BoundMethod::Illuminate\\Container\\{closure}()
#8 C:\\Users\\PC\\Desktop\\CURATOR\\FSMS_BACKEND\\vendor\\laravel\\framework\\src\\Illuminate\\Container\\BoundMethod.php(96): Illuminate\\Container\\Util::unwrapIfClosure(Object(Closure))
#9 C:\\Users\\PC\\Desktop\\CURATOR\\FSMS_BACKEND\\vendor\\laravel\\framework\\src\\Illuminate\\Container\\BoundMethod.php(35): Illuminate\\Container\\BoundMethod::callBoundMethod(Object(Illuminate\\Foundation\\Application), Array, Object(Closure))
#10 C:\\Users\\PC\\Desktop\\CURATOR\\FSMS_BACKEND\\vendor\\laravel\\framework\\src\\Illuminate\\Container\\Container.php(836): Illuminate\\Container\\BoundMethod::call(Object(Illuminate\\Foundation\\Application), Array, Array, NULL)
#11 C:\\Users\\PC\\Desktop\\CURATOR\\FSMS_BACKEND\\vendor\\laravel\\framework\\src\\Illuminate\\Console\\Command.php(211): Illuminate\\Container\\Container->call(Array)
#12 C:\\Users\\PC\\Desktop\\CURATOR\\FSMS_BACKEND\\vendor\\symfony\\console\\Command\\Command.php(318): Illuminate\\Console\\Command->execute(Object(Symfony\\Component\\Console\\Input\\ArgvInput), Object(Illuminate\\Console\\OutputStyle))
#13 C:\\Users\\PC\\Desktop\\CURATOR\\FSMS_BACKEND\\vendor\\laravel\\framework\\src\\Illuminate\\Console\\Command.php(180): Symfony\\Component\\Console\\Command\\Command->run(Object(Symfony\\Component\\Console\\Input\\ArgvInput), Object(Illuminate\\Console\\OutputStyle))
#14 C:\\Users\\PC\\Desktop\\CURATOR\\FSMS_BACKEND\\vendor\\symfony\\console\\Application.php(1073): Illuminate\\Console\\Command->run(Object(Symfony\\Component\\Console\\Input\\ArgvInput), Object(Symfony\\Component\\Console\\Output\\ConsoleOutput))
#15 C:\\Users\\PC\\Desktop\\CURATOR\\FSMS_BACKEND\\vendor\\symfony\\console\\Application.php(356): Symfony\\Component\\Console\\Application->doRunCommand(Object(Laravel\\Tinker\\Console\\TinkerCommand), Object(Symfony\\Component\\Console\\Input\\ArgvInput), Object(Symfony\\Component\\Console\\Output\\ConsoleOutput))
#16 C:\\Users\\PC\\Desktop\\CURATOR\\FSMS_BACKEND\\vendor\\symfony\\console\\Application.php(195): Symfony\\Component\\Console\\Application->doRun(Object(Symfony\\Component\\Console\\Input\\ArgvInput), Object(Symfony\\Component\\Console\\Output\\ConsoleOutput))
#17 C:\\Users\\PC\\Desktop\\CURATOR\\FSMS_BACKEND\\vendor\\laravel\\framework\\src\\Illuminate\\Foundation\\Console\\Kernel.php(197): Symfony\\Component\\Console\\Application->run(Object(Symfony\\Component\\Console\\Input\\ArgvInput), Object(Symfony\\Component\\Console\\Output\\ConsoleOutput))
#18 C:\\Users\\PC\\Desktop\\CURATOR\\FSMS_BACKEND\\vendor\\laravel\\framework\\src\\Illuminate\\Foundation\\Application.php(1235): Illuminate\\Foundation\\Console\\Kernel->handle(Object(Symfony\\Component\\Console\\Input\\ArgvInput), Object(Symfony\\Component\\Console\\Output\\ConsoleOutput))
#19 C:\\Users\\PC\\Desktop\\CURATOR\\FSMS_BACKEND\\artisan(16): Illuminate\\Foundation\\Application->handleCommand(Object(Symfony\\Component\\Console\\Input\\ArgvInput))
#20 {main}
"} 
[2026-08-28 03:21:30] local.ERROR: Carbon\Carbon::rawAddUnit(): Argument #3 ($value) must be of type int|float, string given, called in C:\Users\PC\Desktop\CURATOR\FSMS_BACKEND\vendor\nesbot\carbon\src\Carbon\Traits\Units.php on line 356 {"userId":14,"exception":"[object] (TypeError(code: 0): Carbon\\Carbon::rawAddUnit(): Argument #3 ($value) must be of type int|float, string given, called in C:\\Users\\PC\\Desktop\\CURATOR\\FSMS_BACKEND\\vendor\\nesbot\\carbon\\src\\Carbon\\Traits\\Units.php on line 356 at C:\\Users\\PC\\Desktop\\CURATOR\\FSMS_BACKEND\\vendor\\nesbot\\carbon\\src\\Carbon\\Traits\\Units.php:455)
[stacktrace]
#0 C:\\Users\\PC\\Desktop\\CURATOR\\FSMS_BACKEND\\vendor\\nesbot\\carbon\\src\\Carbon\\Traits\\Units.php(356): Carbon\\Carbon::rawAddUnit(Object(Carbon\\Carbon), 'minute', '60')
#1 C:\\Users\\PC\\Desktop\\CURATOR\\FSMS_BACKEND\\vendor\\nesbot\\carbon\\src\\Carbon\\Traits\\Date.php(2905): Carbon\\Carbon->addUnit('minute', '60', NULL)
#2 C:\\Users\\PC\\Desktop\\CURATOR\\FSMS_BACKEND\\vendor\\nesbot\\carbon\\src\\Carbon\\Traits\\Date.php(2596): Carbon\\Carbon->callModifierMethod('minute', Array)
#3 C:\\Users\\PC\\Desktop\\CURATOR\\FSMS_BACKEND\\vendor\\tymon\\jwt-auth\\src\\Claims\\Factory.php(136): Carbon\\Carbon->__call('addMinutes', Array)
#4 C:\\Users\\PC\\Desktop\\CURATOR\\FSMS_BACKEND\\vendor\\tymon\\jwt-auth\\src\\Claims\\Factory.php(106): Tymon\\JWTAuth\\Claims\\Factory->exp()
#5 C:\\Users\\PC\\Desktop\\CURATOR\\FSMS_BACKEND\\vendor\\tymon\\jwt-auth\\src\\Factory.php(143): Tymon\\JWTAuth\\Claims\\Factory->make('exp')
#6 C:\\Users\\PC\\Desktop\\CURATOR\\FSMS_BACKEND\\vendor\\tymon\\jwt-auth\\src\\Factory.php(169): Tymon\\JWTAuth\\Factory->buildClaims()
#7 C:\\Users\\PC\\Desktop\\CURATOR\\FSMS_BACKEND\\vendor\\tymon\\jwt-auth\\src\\Factory.php(85): Tymon\\JWTAuth\\Factory->buildClaimsCollection()
#8 C:\\Users\\PC\\Desktop\\CURATOR\\FSMS_BACKEND\\vendor\\tymon\\jwt-auth\\src\\JWT.php(226): Tymon\\JWTAuth\\Factory->make()
#9 C:\\Users\\PC\\Desktop\\CURATOR\\FSMS_BACKEND\\vendor\\tymon\\jwt-auth\\src\\JWT.php(74): Tymon\\JWTAuth\\JWT->makePayload(Object(App\\Models\\User))
#10 C:\\Users\\PC\\Desktop\\CURATOR\\FSMS_BACKEND\\vendor\\tymon\\jwt-auth\\src\\JWT.php(87): Tymon\\JWTAuth\\JWT->fromSubject(Object(App\\Models\\User))
#11 C:\\Users\\PC\\Desktop\\CURATOR\\FSMS_BACKEND\\vendor\\tymon\\jwt-auth\\src\\JWTAuth.php(53): Tymon\\JWTAuth\\JWT->fromUser(Object(App\\Models\\User))
#12 C:\\Users\\PC\\Desktop\\CURATOR\\FSMS_BACKEND\\vendor\\laravel\\framework\\src\\Illuminate\\Support\\Facades\\Facade.php(363): Tymon\\JWTAuth\\JWTAuth->attempt(Array)
#13 C:\\Users\\PC\\Desktop\\CURATOR\\FSMS_BACKEND\\app\\Http\\Controllers\\AuthController.php(91): Illuminate\\Support\\Facades\\Facade::__callStatic('attempt', Array)
#14 C:\\Users\\PC\\Desktop\\CURATOR\\FSMS_BACKEND\\vendor\\laravel\\framework\\src\\Illuminate\\Routing\\ControllerDispatcher.php(46): App\\Http\\Controllers\\AuthController->login(Object(Illuminate\\Http\\Request))
#15 C:\\Users\\PC\\Desktop\\CURATOR\\FSMS_BACKEND\\vendor\\laravel\\framework\\src\\Illuminate\\Routing\\Route.php(265): Illuminate\\Routing\\ControllerDispatcher->dispatch(Object(Illuminate\\Routing\\Route), Object(App\\Http\\Controllers\\AuthController), 'login')
#16 C:\\Users\\PC\\Desktop\\CURATOR\\FSMS_BACKEND\\vendor\\laravel\\framework\\src\\Illuminate\\Routing\\Route.php(211): Illuminate\\Routing\\Route->runController()
#17 C:\\Users\\PC\\Desktop\\CURATOR\\FSMS_BACKEND\\vendor\\laravel\\framework\\src\\Illuminate\\Routing\\Router.php(822): Illuminate\\Routing\\Route->run()
#18 C:\\Users\\PC\\Desktop\\CURATOR\\FSMS_BACKEND\\vendor\\laravel\\framework\\src\\Illuminate\\Pipeline\\Pipeline.php(180): Illuminate\\Routing\\Router->Illuminate\\Routing\\{closure}(Object(Illuminate\\Http\\Request))
#19 C:\\Users\\PC\\Desktop\\CURATOR\\FSMS_BACKEND\\vendor\\laravel\\framework\\src\\Illuminate\\Routing\\Middleware\\SubstituteBindings.php(50): Illuminate\\Pipeline\\Pipeline->Illuminate\\Pipeline\\{closure}(Object(Illuminate\\Http\\Request))
#20 C:\\Users\\PC\\Desktop\\CURATOR\\FSMS_BACKEND\\vendor\\laravel\\framework\\src\\Illuminate\\Pipeline\\Pipeline.php(219): Illuminate\\Routing\\Middleware\\SubstituteBindings->handle(Object(Illuminate\\Http\\Request), Object(Closure))
#21 C:\\Users\\PC\\Desktop\\CURATOR\\FSMS_BACKEND\\vendor\\laravel\\framework\\src\\Illuminate\\Routing\\Middleware\\ThrottleRequests.php(166): Illuminate\\Pipeline\\Pipeline->Illuminate\\Pipeline\\{closure}(Object(Illuminate\\Http\\Request))
#22 C:\\Users\\PC\\Desktop\\CURATOR\\FSMS_BACKEND\\vendor\\laravel\\framework\\src\\Illuminate\\Routing\\Middleware\\ThrottleRequests.php(93): Illuminate\\Routing\\Middleware\\ThrottleRequests->handleRequest(Object(Illuminate\\Http\\Request), Object(Closure), Array)
#23 C:\\Users\\PC\\Desktop\\CURATOR\\FSMS_BACKEND\\vendor\\laravel\\framework\\src\\Illuminate\\Pipeline\\Pipeline.php(219): Illuminate\\Routing\\Middleware\\ThrottleRequests->handle(Object(Illuminate\\Http\\Request), Object(Closure), '10', '1')
#24 C:\\Users\\PC\\Desktop\\CURATOR\\FSMS_BACKEND\\vendor\\laravel\\framework\\src\\Illuminate\\Http\\Middleware\\HandleCors.php(61): Illuminate\\Pipeline\\Pipeline->Illuminate\\Pipeline\\{closure}(Object(Illuminate\\Http\\Request))
#25 C:\\Users\\PC\\Desktop\\CURATOR\\FSMS_BACKEND\\vendor\\laravel\\framework\\src\\Illuminate\\Pipeline\\Pipeline.php(219): Illuminate\\Http\\Middleware\\HandleCors->handle(Object(Illuminate\\Http\\Request), Object(Closure))
#26 C:\\Users\\PC\\Desktop\\CURATOR\\FSMS_BACKEND\\vendor\\laravel\\framework\\src\\Illuminate\\Pipeline\\Pipeline.php(137): Illuminate\\Pipeline\\Pipeline->Illuminate\\Pipeline\\{closure}(Object(Illuminate\\Http\\Request))
#27 C:\\Users\\PC\\Desktop\\CURATOR\\FSMS_BACKEND\\vendor\\laravel\\framework\\src\\Illuminate\\Routing\\Router.php(821): Illuminate\\Pipeline\\Pipeline->then(Object(Closure))
#28 C:\\Users\\PC\\Desktop\\CURATOR\\FSMS_BACKEND\\vendor\\laravel\\framework\\src\\Illuminate\\Routing\\Router.php(800): Illuminate\\Routing\\Router->runRouteWithinStack(Object(Illuminate\\Routing\\Route), Object(Illuminate\\Http\\Request))
#29 C:\\Users\\PC\\Desktop\\CURATOR\\FSMS_BACKEND\\vendor\\laravel\\framework\\src\\Illuminate\\Routing\\Router.php(764): Illuminate\\Routing\\Router->runRoute(Object(Illuminate\\Http\\Request), Object(Illuminate\\Routing\\Route))
#30 C:\\Users\\PC\\Desktop\\CURATOR\\FSMS_BACKEND\\vendor\\laravel\\framework\\src\\Illuminate\\Routing\\Router.php(753): Illuminate\\Routing\\Router->dispatchToRoute(Object(Illuminate\\Http\\Request))
#31 C:\\Users\\PC\\Desktop\\CURATOR\\FSMS_BACKEND\\vendor\\laravel\\framework\\src\\Illuminate\\Foundation\\Http\\Kernel.php(200): Illuminate\\Routing\\Router->dispatch(Object(Illuminate\\Http\\Request))
#32 C:\\Users\\PC\\Desktop\\CURATOR\\FSMS_BACKEND\\vendor\\laravel\\framework\\src\\Illuminate\\Pipeline\\Pipeline.php(180): Illuminate\\Foundation\\Http\\Kernel->Illuminate\\Foundation\\Http\\{closure}(Object(Illuminate\\Http\\Request))
#33 C:\\Users\\PC\\Desktop\\CURATOR\\FSMS_BACKEND\\vendor\\laravel\\framework\\src\\Illuminate\\Foundation\\Http\\Middleware\\TransformsRequest.php(21): Illuminate\\Pipeline\\Pipeline->Illuminate\\Pipeline\\{closure}(Object(Illuminate\\Http\\Request))
#34 C:\\Users\\PC\\Desktop\\CURATOR\\FSMS_BACKEND\\vendor\\laravel\\framework\\src\\Illuminate\\Foundation\\Http\\Middleware\\ConvertEmptyStringsToNull.php(31): Illuminate\\Foundation\\Http\\Middleware\\TransformsRequest->handle(Object(Illuminate\\Http\\Request), Object(Closure))
#35 C:\\Users\\PC\\Desktop\\CURATOR\\FSMS_BACKEND\\vendor\\laravel\\framework\\src\\Illuminate\\Pipeline\\Pipeline.php(219): Illuminate\\Foundation\\Http\\Middleware\\ConvertEmptyStringsToNull->handle(Object(Illuminate\\Http\\Request), Object(Closure))
#36 C:\\Users\\PC\\Desktop\\CURATOR\\FSMS_BACKEND\\vendor\\laravel\\framework\\src\\Illuminate\\Foundation\\Http\\Middleware\\TransformsRequest.php(21): Illuminate\\Pipeline\\Pipeline->Illuminate\\Pipeline\\{closure}(Object(Illuminate\\Http\\Request))
#37 C:\\Users\\PC\\Desktop\\CURATOR\\FSMS_BACKEND\\vendor\\laravel\\framework\\src\\Illuminate\\Foundation\\Http\\Middleware\\TrimStrings.php(51): Illuminate\\Foundation\\Http\\Middleware\\TransformsRequest->handle(Object(Illuminate\\Http\\Request), Object(Closure))
#38 C:\\Users\\PC\\Desktop\\CURATOR\\FSMS_BACKEND\\vendor\\laravel\\framework\\src\\Illuminate\\Pipeline\\Pipeline.php(219): Illuminate\\Foundation\\Http\\Middleware\\TrimStrings->handle(Object(Illuminate\\Http\\Request), Object(Closure))
#39 C:\\Users\\PC\\Desktop\\CURATOR\\FSMS_BACKEND\\vendor\\laravel\\framework\\src\\Illuminate\\Http\\Middleware\\ValidatePostSize.php(27): Illuminate\\Pipeline\\Pipeline->Illuminate\\Pipeline\\{closure}(Object(Illuminate\\Http\\Request))
#40 C:\\Users\\PC\\Desktop\\CURATOR\\FSMS_BACKEND\\vendor\\laravel\\framework\\src\\Illuminate\\Pipeline\\Pipeline.php(219): Illuminate\\Http\\Middleware\\ValidatePostSize->handle(Object(Illuminate\\Http\\Request), Object(Closure))
#41 C:\\Users\\PC\\Desktop\\CURATOR\\FSMS_BACKEND\\vendor\\laravel\\framework\\src\\Illuminate\\Foundation\\Http\\Middleware\\PreventRequestsDuringMaintenance.php(109): Illuminate\\Pipeline\\Pipeline->Illuminate\\Pipeline\\{closure}(Object(Illuminate\\Http\\Request))
#42 C:\\Users\\PC\\Desktop\\CURATOR\\FSMS_BACKEND\\vendor\\laravel\\framework\\src\\Illuminate\\Pipeline\\Pipeline.php(219): Illuminate\\Foundation\\Http\\Middleware\\PreventRequestsDuringMaintenance->handle(Object(Illuminate\\Http\\Request), Object(Closure))
#43 C:\\Users\\PC\\Desktop\\CURATOR\\FSMS_BACKEND\\vendor\\laravel\\framework\\src\\Illuminate\\Http\\Middleware\\HandleCors.php(61): Illuminate\\Pipeline\\Pipeline->Illuminate\\Pipeline\\{closure}(Object(Illuminate\\Http\\Request))
#44 C:\\Users\\PC\\Desktop\\CURATOR\\FSMS_BACKEND\\vendor\\laravel\\framework\\src\\Illuminate\\Pipeline\\Pipeline.php(219): Illuminate\\Http\\Middleware\\HandleCors->handle(Object(Illuminate\\Http\\Request), Object(Closure))
#45 C:\\Users\\PC\\Desktop\\CURATOR\\FSMS_BACKEND\\vendor\\laravel\\framework\\src\\Illuminate\\Http\\Middleware\\TrustProxies.php(58): Illuminate\\Pipeline\\Pipeline->Illuminate\\Pipeline\\{closure}(Object(Illuminate\\Http\\Request))
#46 C:\\Users\\PC\\Desktop\\CURATOR\\FSMS_BACKEND\\vendor\\laravel\\framework\\src\\Illuminate\\Pipeline\\Pipeline.php(219): Illuminate\\Http\\Middleware\\TrustProxies->handle(Object(Illuminate\\Http\\Request), Object(Closure))
#47 C:\\Users\\PC\\Desktop\\CURATOR\\FSMS_BACKEND\\vendor\\laravel\\framework\\src\\Illuminate\\Foundation\\Http\\Middleware\\InvokeDeferredCallbacks.php(22): Illuminate\\Pipeline\\Pipeline->Illuminate\\Pipeline\\{closure}(Object(Illuminate\\Http\\Request))
#48 C:\\Users\\PC\\Desktop\\CURATOR\\FSMS_BACKEND\\vendor\\laravel\\framework\\src\\Illuminate\\Pipeline\\Pipeline.php(219): Illuminate\\Foundation\\Http\\Middleware\\InvokeDeferredCallbacks->handle(Object(Illuminate\\Http\\Request), Object(Closure))
#49 C:\\Users\\PC\\Desktop\\CURATOR\\FSMS_BACKEND\\vendor\\laravel\\framework\\src\\Illuminate\\Http\\Middleware\\ValidatePathEncoding.php(26): Illuminate\\Pipeline\\Pipeline->Illuminate\\Pipeline\\{closure}(Object(Illuminate\\Http\\Request))
#50 C:\\Users\\PC\\Desktop\\CURATOR\\FSMS_BACKEND\\vendor\\laravel\\framework\\src\\Illuminate\\Pipeline\\Pipeline.php(219): Illuminate\\Http\\Middleware\\ValidatePathEncoding->handle(Object(Illuminate\\Http\\Request), Object(Closure))
#51 C:\\Users\\PC\\Desktop\\CURATOR\\FSMS_BACKEND\\vendor\\laravel\\framework\\src\\Illuminate\\Pipeline\\Pipeline.php(137): Illuminate\\Pipeline\\Pipeline->Illuminate\\Pipeline\\{closure}(Object(Illuminate\\Http\\Request))
#52 C:\\Users\\PC\\Desktop\\CURATOR\\FSMS_BACKEND\\vendor\\laravel\\framework\\src\\Illuminate\\Foundation\\Http\\Kernel.php(175): Illuminate\\Pipeline\\Pipeline->then(Object(Closure))
#53 C:\\Users\\PC\\Desktop\\CURATOR\\FSMS_BACKEND\\vendor\\laravel\\framework\\src\\Illuminate\\Foundation\\Http\\Kernel.php(144): Illuminate\\Foundation\\Http\\Kernel->sendRequestThroughRouter(Object(Illuminate\\Http\\Request))
#54 C:\\Users\\PC\\Desktop\\CURATOR\\FSMS_BACKEND\\vendor\\laravel\\framework\\src\\Illuminate\\Foundation\\Application.php(1220): Illuminate\\Foundation\\Http\\Kernel->handle(Object(Illuminate\\Http\\Request))
#55 C:\\Users\\PC\\Desktop\\CURATOR\\FSMS_BACKEND\\public\\index.php(20): Illuminate\\Foundation\\Application->handleRequest(Object(Illuminate\\Http\\Request))
#56 C:\\Users\\PC\\Desktop\\CURATOR\\FSMS_BACKEND\\vendor\\laravel\\framework\\src\\Illuminate\\Foundation\\resources\\server.php(23): require_once('C:\\\\Users\\\\PC\\\\Des...')
#57 {main}
"} 
